scripts/kconfig/conf  --syncconfig Kconfig
  GEN     include/autoconf.mk.dep
  CFG     u-boot.cfg
  GEN     include/autoconf.mk
  ENVC    include/generated/env.txt
  ENVP    include/generated/env.in
  ENVT    include/generated/environment.h
  LDS     u-boot.lds
  CC      cmd/ursusweb.o
  CC      cmd/ursusubi.o
  CC      env/common.o
  AR      env/built-in.a
  AR      cmd/built-in.a
  LD      u-boot
  OBJCOPY u-boot.srec
  OBJCOPY u-boot-nodtb.bin
  RELOC   u-boot-nodtb.bin
  SYM     u-boot.sym
  CAT     u-boot-dtb.bin
  COPY    u-boot.bin
  OFCHK   .config
