  HOSTCC  scripts/basic/fixdep
  HOSTCC  scripts/kconfig/conf.o
  YACC    scripts/kconfig/zconf.tab.[ch]
  LEX     scripts/kconfig/zconf.lex.c
  HOSTCC  scripts/kconfig/zconf.tab.o
  HOSTLD  scripts/kconfig/conf
scripts/kconfig/conf  --olddefconfig Kconfig
#
# configuration written to .config
#
scripts/kconfig/conf  --syncconfig Kconfig
  UPD     include/config.h
  CFG     u-boot.cfg
  GEN     include/autoconf.mk.dep
  GEN     include/autoconf.mk
  UPD     include/config/uboot.release
  UPD     include/generated/dt.h
  UPD     include/generated/timestamp_autogenerated.h
  ENVC    include/generated/env.txt
  UPD     include/generated/defaultenv_autogenerated.h
  ENVP    include/generated/env.in
  UPD     include/generated/version_autogenerated.h
  HOSTCC  scripts/dtc/dtc.o
  HOSTCC  scripts/dtc/flattree.o
  HOSTCC  scripts/dtc/fstree.o
  HOSTCC  scripts/dtc/data.o
  HOSTCC  scripts/dtc/livetree.o
  HOSTCC  scripts/dtc/treesource.o
  HOSTCC  scripts/dtc/srcpos.o
  HOSTCC  scripts/dtc/checks.o
  ENVT    include/generated/environment.h
  HOSTCC  scripts/dtc/util.o
  LEX     scripts/dtc/dtc-lexer.lex.c
  YACC    scripts/dtc/dtc-parser.tab.[ch]
  HOSTCC  scripts/dtc/libfdt/fdt.o
  HOSTCC  scripts/dtc/libfdt/fdt_ro.o
  HOSTCC  scripts/dtc/libfdt/fdt_wip.o
  HOSTCC  scripts/dtc/libfdt/fdt_sw.o
  HOSTCC  scripts/dtc/libfdt/fdt_rw.o
  HOSTCC  scripts/dtc/libfdt/fdt_strerror.o
  HOSTCC  scripts/dtc/libfdt/fdt_empty_tree.o
  HOSTCC  scripts/dtc/libfdt/fdt_addresses.o
  HOSTCC  scripts/dtc/libfdt/fdt_overlay.o
  HOSTCC  scripts/dtc/fdtoverlay.o
  HOSTCC  scripts/dtc/dtc-lexer.lex.o
  HOSTCC  scripts/dtc/dtc-parser.tab.o
  HOSTLD  scripts/dtc/fdtoverlay
  HOSTLD  scripts/dtc/dtc
  HOSTCC  scripts/bin2c
  CC      lib/asm-offsets.s
  CC      arch/arm/lib/asm-offsets.s
  UPD     include/generated/asm-offsets.h
  UPD     include/generated/generic-asm-offsets.h
  AR      tools/built-in.a
  HOSTCC  tools/gen_eth_addr
  HOSTCC  tools/gen_ethaddr_crc.o
  WRAP    tools/generated/lib/crc8.c
  HOSTCC  tools/img2srec
  HOSTCC  tools/mkenvimage.o
  HOSTCC  tools/os_support.o
  WRAP    tools/generated/lib/crc32.c
  HOSTCC  tools/aisimage.o
  HOSTCC  tools/amlimage.o
  HOSTCC  tools/atmelimage.o
  HOSTCC  tools/fit_common.o
  HOSTCC  tools/fit_image.o
  HOSTCC  tools/image-host.o
  LDS     u-boot.lds
  WRAP    tools/generated/boot/image-fit.c
  HOSTCC  tools/image-sig-host.o
  WRAP    tools/generated/boot/image-fit-sig.c
  WRAP    tools/generated/boot/image-cipher.c
  WRAP    tools/generated/boot/fdt_region.c
  WRAP    tools/generated/boot/bootm.c
  HOSTCC  tools/generated/lib/crc32.o
  HOSTCC  tools/default_image.o
  WRAP    tools/generated/lib/fdtdec_common.c
  WRAP    tools/generated/lib/fdtdec.c
  WRAP    tools/generated/boot/image.c
  WRAP    tools/generated/boot/image-host.c
  HOSTCC  tools/imagetool.o
  HOSTCC  tools/imximage.o
  HOSTCC  tools/imx8image.o
  HOSTCC  tools/imx8mimage.o
  HOSTCC  tools/kwbimage.o
  WRAP    tools/generated/lib/md5.c
  HOSTCC  tools/lpc32xximage.o
  HOSTCC  tools/mxsimage.o
  HOSTCC  tools/omapimage.o
  HOSTCC  tools/pblimage.o
  HOSTCC  tools/pbl_crc32.o
  HOSTCC  tools/renesas_spkgimage.o
  HOSTCC  tools/sfspl.o
  HOSTCC  tools/vybridimage.o
  HOSTCC  tools/stm32image.o
  WRAP    tools/generated/lib/rc4.c
  HOSTCC  tools/rkcommon.o
  HOSTCC  tools/rkimage.o
  HOSTCC  tools/rksd.o
  HOSTCC  tools/rkspi.o
  HOSTCC  tools/socfpgaimage.o
  HOSTCC  tools/sunxi_egon.o
  WRAP    tools/generated/lib/crc16-ccitt.c
  WRAP    tools/generated/lib/hash-checksum.c
  WRAP    tools/generated/lib/sha1.c
  WRAP    tools/generated/lib/sha256.c
  WRAP    tools/generated/lib/sha256_common.c
  WRAP    tools/generated/lib/sha512.c
  WRAP    tools/generated/common/hash.c
  HOSTCC  tools/ublimage.o
  HOSTCC  tools/zynqimage.o
  HOSTCC  tools/zynqmpimage.o
  HOSTCC  tools/zynqmpbif.o
  WRAP    tools/generated/lib/fdt-libcrypto.c
  HOSTCC  tools/sunxi_toc0.o
  HOSTCC  tools/libfdt/fdt.o
  HOSTCC  tools/libfdt/fdt_ro.o
  HOSTCC  tools/libfdt/fdt_wip.o
  HOSTCC  tools/libfdt/fdt_sw.o
  HOSTCC  tools/libfdt/fdt_rw.o
  HOSTCC  tools/libfdt/fdt_strerror.o
  HOSTCC  tools/libfdt/fdt_empty_tree.o
  HOSTCC  tools/libfdt/fdt_addresses.o
  HOSTCC  tools/libfdt/fdt_overlay.o
  HOSTCC  tools/gpimage.o
  HOSTCC  tools/gpimage-common.o
  HOSTCC  tools/mtk_image.o
  HOSTCC  tools/mtk_nand_headers.o
  WRAP    tools/generated/lib/ecdsa/ecdsa-libcrypto.c
  WRAP    tools/generated/lib/rsa/rsa-sign.c
  WRAP    tools/generated/lib/rsa/rsa-verify.c
  WRAP    tools/generated/lib/rsa/rsa-mod-exp.c
  WRAP    tools/generated/lib/aes/aes-encrypt.c
  WRAP    tools/generated/lib/aes/aes-decrypt.c
  HOSTCC  tools/dumpimage.o
  HOSTCC  tools/generated/boot/image-fit.o
  HOSTCC  tools/generated/boot/image-fit-sig.o
  HOSTCC  tools/generated/boot/image-cipher.o
  HOSTCC  tools/generated/boot/fdt_region.o
  HOSTCC  tools/generated/boot/bootm.o
  HOSTCC  tools/generated/lib/fdtdec_common.o
  HOSTCC  tools/generated/lib/fdtdec.o
  HOSTCC  tools/generated/boot/image.o
  HOSTCC  tools/generated/boot/image-host.o
  HOSTCC  tools/generated/lib/md5.o
  HOSTCC  tools/generated/lib/rc4.o
  HOSTCC  tools/generated/lib/crc16-ccitt.o
  HOSTCC  tools/generated/lib/hash-checksum.o
  HOSTCC  tools/generated/lib/sha1.o
  HOSTCC  tools/generated/lib/sha256.o
  HOSTCC  tools/generated/lib/sha256_common.o
  HOSTCC  tools/generated/lib/sha512.o
  HOSTCC  tools/generated/common/hash.o
  HOSTCC  tools/generated/lib/fdt-libcrypto.o
  HOSTCC  tools/generated/lib/ecdsa/ecdsa-libcrypto.o
  HOSTCC  tools/generated/lib/rsa/rsa-sign.o
  HOSTCC  tools/generated/lib/rsa/rsa-verify.o
  HOSTCC  tools/generated/lib/rsa/rsa-mod-exp.o
  HOSTCC  tools/generated/lib/aes/aes-encrypt.o
  HOSTCC  tools/generated/lib/aes/aes-decrypt.o
  HOSTCC  tools/mkimage.o
  HOSTCC  tools/fit_info.o
  HOSTCC  tools/fdt_add_pubkey.o
  WRAP    tools/generated/boot/image-pre-load.c
  HOSTCC  tools/preload_check_sign.o
  HOSTCC  tools/proftool.o
  WRAP    tools/generated/lib/abuf.c
  HOSTCC  tools/relocate-rela
  HOSTCC  tools/fdtgrep.o
  HOSTCC  tools/spl_size_limit
  HOSTCC  tools/generated/lib/crc8.o
  HOSTLD  tools/mkenvimage
  HOSTLD  tools/dumpimage
  HOSTLD  tools/fit_info
  HOSTLD  tools/fdt_add_pubkey
  HOSTCC  tools/generated/boot/image-pre-load.o
  HOSTCC  tools/generated/lib/abuf.o
  HOSTLD  tools/gen_ethaddr_crc
  HOSTLD  tools/mkimage
  HOSTLD  tools/preload_check_sign
  HOSTLD  tools/fdtgrep
  HOSTLD  tools/proftool
  AR      arch/arm/cpu/built-in.a
  AS      arch/arm/cpu/armv8/start.o
  CC      arch/arm/cpu/armv8/cpu.o
  CC      arch/arm/cpu/armv8/generic_timer.o
  CC      arch/arm/cpu/armv8/cache_v8.o
  AS      arch/arm/cpu/armv8/cache.o
  AS      arch/arm/cpu/armv8/exceptions.o
  CC      arch/arm/cpu/armv8/exception_level.o
  AS      arch/arm/cpu/armv8/tlb.o
  AR      arch/arm/lib/lib.a
  CC      arch/arm/lib/image.o
  AS      arch/arm/cpu/armv8/transition.o
  CC      arch/arm/cpu/armv8/fwcall.o
  CC      arch/arm/lib/bootm.o
  CC      arch/arm/mach-airoha/an7581/init.o
  CC      arch/arm/mach-airoha/cpu.o
  CC      arch/arm/mach-airoha/an7581/scu-regmap.o
  AS      arch/arm/lib/crt0_64.o
  CC      board/airoha/an7581/an7581_rfb.o
  AS      arch/arm/lib/setjmp_aarch64.o
  AS      arch/arm/lib/relocate_64.o
  CC      arch/arm/cpu/armv8/cpu-dt.o
  AS      arch/arm/cpu/armv8/smccc-call.o
  CC      arch/arm/lib/bootm-fdt.o
  AR      arch/arm/mach-airoha/an7581/built-in.a
  CC      arch/arm/lib/bdinfo.o
  CC      arch/arm/lib/sections.o
  AR      arch/arm/mach-airoha/built-in.a
  CC      boot/bootm.o
  AR      board/airoha/an7581/built-in.a
  CC      arch/arm/lib/stack.o
  CC      arch/arm/lib/interrupts_64.o
  CC      arch/arm/lib/reset.o
  CC      cmd/lwip/dhcp.o
  CC      cmd/lwip/dns.o
  CC      boot/bootm_os.o
  CC      cmd/lwip/ping.o
  AR      cmd/arm/built-in.a
  CC      cmd/boot.o
  CC      cmd/bootm.o
  CC      boot/pxe_utils.o
  CC      boot/image.o
  CC      arch/arm/lib/cache.o
  AR      arch/arm/cpu/armv8/built-in.a
  CC      cmd/help.o
  CC      cmd/panic.o
  CC      boot/image-board.o
  CC      cmd/lwip/sntp.o
  CC      arch/arm/lib/psci-dt.o
  CC      cmd/version.o
  CC      cmd/blk_common.o
  CC      cmd/lwip/tftp.o
  CC      boot/bootdev-uclass.o
  AR      arch/arm/lib/built-in.a
  CC      boot/bootflow.o
  CC      boot/bootmeth-uclass.o
  CC      cmd/lwip/wget.o
  CC      boot/bootstd-uclass.o
  CC      common/init/board_init.o
  CC      disk/part.o
  AR      common/init/built-in.a
  AR      cmd/lwip/built-in.a
  CC      common/main.o
  CC      common/memtop.o
  CC      cmd/bootflow.o
  CC      common/exports.o
  CC      common/cli_getch.o
  CC      common/cli_simple.o
  CC      cmd/source.o
  CC      disk/disk-uclass.o
  CC      boot/bootmeth_extlinux.o
  CC      boot/bootmeth_pxe.o
  CC      cmd/bdinfo.o
  CC      cmd/blkcache.o
  CC      disk/part_efi.o
  CC      common/cli_readline.o
  CC      boot/fdt_support.o
  CC      cmd/booti.o
  CC      cmd/button.o
  CC      drivers/block/blk-uclass.o
  CC      cmd/cache.o
  AR      drivers/usb/cdns3/built-in.a
  CC      cmd/console.o
  AR      drivers/usb/common/built-in.a
  CC      drivers/block/blkcache.o
  CC      cmd/dm.o
  CC      common/cli_hush.o
  CC      drivers/button/button-uclass.o
  CC      boot/image-fdt.o
  CC      common/autoboot.o
  CC      cmd/echo.o
  CC      drivers/button/button-gpio.o
  AR      drivers/clk/adi/built-in.a
  CC      drivers/clk/airoha/clk-airoha.o
  CC      cmd/elf.o
  CC      drivers/core/device.o
  AR      disk/built-in.a
  AR      drivers/block/built-in.a
  AR      drivers/dma/ti/built-in.a
  CC      drivers/dma/dma-uclass.o
  CC      drivers/gpio/gpio-uclass.o
  AR      drivers/button/built-in.a
  CC      drivers/gpio/ursus_an7581_safe_gpio.o
  CC      drivers/firmware/firmware-uclass.o
  CC      cmd/exit.o
  AR      drivers/clk/airoha/built-in.a
  AR      drivers/dma/built-in.a
  AR      drivers/clk/analogbits/built-in.a
  AR      drivers/i2c/built-in.a
  AR      drivers/clk/imx/built-in.a
  CC      drivers/firmware/psci.o
  CC      drivers/input/key_matrix.o
  AR      drivers/clk/tegra/built-in.a
  CC      cmd/fdt.o
  AR      drivers/clk/ti/built-in.a
  CC      drivers/led/led-uclass.o
  CC      drivers/clk/clk-uclass.o
  CC      boot/image-fit.o
  CC      common/version.o
  AR      drivers/input/built-in.a
  CC      drivers/core/fdtaddr.o
  AR      drivers/firmware/built-in.a
  CC      common/board_f.o
  CC      drivers/mtd/nand/spi/core.o
  CC      drivers/led/led_gpio.o
  CC      drivers/mtd/nand/core.o
  AR      drivers/led/built-in.a
  CC      drivers/mtd/nand/spi/otp.o
  CC      drivers/core/lists.o
  CC      drivers/clk/clk_fixed_rate.o
  AR      drivers/gpio/built-in.a
  CC      drivers/mtd/nand/bbt.o
  CC      cmd/gpio.o
  CC      boot/vbe.o
  CC      common/board_r.o
  CC      drivers/clk/clk_fixed_factor.o
  CC      drivers/net/airoha/pcs-airoha-common.o
  CC      drivers/core/root.o
  AR      drivers/phy/allwinner/built-in.a
  AR      drivers/phy/marvell/built-in.a
  AR      drivers/clk/built-in.a
  AR      drivers/phy/rockchip/built-in.a
  CC      drivers/mtd/nand/spi/alliancememory.o
  AR      drivers/phy/socionext/built-in.a
  CC      cmd/hash.o
  AR      drivers/phy/cadence/built-in.a
  CC      common/miiphyutil.o
  CC      drivers/pinctrl/airoha/pinctrl-airoha.o
  AR      drivers/phy/ti/built-in.a
  AR      drivers/phy/qcom/built-in.a
  CC      boot/vbe_request.o
  AR      drivers/phy/renesas/built-in.a
  CC      cmd/itest.o
  AR      drivers/phy/starfive/built-in.a
  CC      drivers/phy/phy-uclass.o
  CC      drivers/net/airoha/pcs-an7581.o
  CC      drivers/core/uclass.o
  AR      drivers/usb/dwc3/built-in.a
  AR      drivers/usb/emul/built-in.a
  CC      cmd/led.o
  CC      drivers/power/domain/power-domain-uclass.o
  CC      boot/vbe_simple.o
  CC      common/splash.o
  CC      drivers/mtd/nand/spi/ato.o
  CC      common/menu.o
  GZIP    cmd/license_data.gz
  UPD     cmd/license_data_size.h
  CC      cmd/load.o
  CC      drivers/mtd/nand/spi/esmt.o
  CC      drivers/pinctrl/airoha/pinctrl-an7581.o
  AR      drivers/power/domain/built-in.a
  CC      boot/vbe_common.o
  AR      drivers/power/pmic/built-in.a
  CC      drivers/power/regulator/regulator-uclass.o
  CC      drivers/core/util.o
  AR      drivers/phy/built-in.a
  CC      drivers/power/regulator/regulator_common.o
  CC      common/console.o
  AR      drivers/net/airoha/built-in.a
  AR      drivers/pinctrl/airoha/built-in.a
  CC      drivers/mtd/nand/spi/fmsh.o
  AR      drivers/net/mscc_eswitch/built-in.a
  AR      drivers/pinctrl/nxp/built-in.a
  AR      drivers/net/phy/mediatek/built-in.a
  AR      drivers/pinctrl/broadcom/built-in.a
  AR      drivers/net/phy/airoha/built-in.a
  CC      drivers/pinctrl/pinctrl-uclass.o
  CC      drivers/core/tag.o
  CC      drivers/net/phy/phy.o
  CC      boot/vbe_simple_os.o
  CC      cmd/mem.o
  CC      drivers/net/phy/ethernet_id.o
  CC      drivers/mtd/nand/spi/foresee.o
  CC      drivers/core/devres.o
  CC      drivers/mtd/nand/spi/gigadevice.o
  AR      boot/built-in.a
  CC      drivers/power/regulator/fixed.o
  CC      common/dlmalloc.o
  CC      drivers/pinctrl/pinctrl-generic.o
  CC      cmd/mii.o
  CC      cmd/mdio.o
  CC      drivers/mtd/nand/spi/macronix.o
  CC      drivers/core/device-remove.o
  CC      drivers/mtd/nand/spi/micron.o
  AR      drivers/net/phy/built-in.a
  AR      drivers/net/qe/built-in.a
  AR      drivers/power/regulator/built-in.a
  AR      drivers/net/ti/built-in.a
  AR      drivers/power/built-in.a
  CC      drivers/net/airoha_eth.o
  AR      drivers/usb/eth/built-in.a
  CC      drivers/mtd/nand/spi/paragon.o
  CC      cmd/sleep.o
  CC      drivers/mtd/nand/spi/skyhigh.o
  AR      drivers/usb/host/built-in.a
  CC      drivers/mtd/nand/spi/toshiba.o
  AR      drivers/pinctrl/built-in.a
  CC      drivers/mtd/nand/spi/winbond.o
  CC      drivers/ram/ram-uclass.o
  CC      cmd/mtd.o
  CC      common/malloc_simple.o
  CC      drivers/net/eth-phy-uclass.o
  CC      drivers/core/simple-bus.o
  AR      drivers/mtd/onenand/built-in.a
  CC      drivers/mtd/nand/spi/xtx.o
  AR      drivers/ram/built-in.a
  CC      drivers/mtd/spi/sf_probe.o
  CC      common/event.o
  CC      drivers/core/dump.o
  AR      drivers/usb/isp1760/built-in.a
  CC      drivers/mtd/ubi/attach.o
  CC      drivers/net/mdio-mt7531-mmio.o
  CC      drivers/mtd/ubi/build.o
  CC      drivers/mtd/spi/spi-nor-ids.o
  CC      drivers/mtd/ubi/vtbl.o
  AR      drivers/mtd/nand/spi/built-in.a
  CC      common/hash.o
  AR      drivers/mtd/nand/built-in.a
  CC      drivers/core/regmap.o
  CC      drivers/mtd/spi/spi-nor-core.o
  CC      drivers/mtd/mtdcore.o
  AR      drivers/net/built-in.a
  CC      cmd/net-common.o
  CC      cmd/nvedit.o
  CC      common/memsize.o
  CC      drivers/core/syscon-uclass.o
  CC      drivers/serial/serial-uclass.o
  CC      common/stdio.o
  CC      drivers/mtd/ubi/vmt.o
  CC      drivers/spi/spi-uclass.o
  CC      drivers/core/of_extra.o
  CC      drivers/mtd/ubi/upd.o
  CC      common/cli.o
  CC      cmd/part.o
  CC      drivers/core/ofnode.o
  CC      common/command.o
  CC      drivers/serial/ns16550.o
  CC      common/log.o
  CC      drivers/spi/spi-mem.o
  CC      drivers/mtd/ubi/kapi.o
  AR      drivers/usb/mtu3/built-in.a
  CC      drivers/mtd/ubi/eba.o
  CC      cmd/pinmux.o
  AR      drivers/serial/built-in.a
  CC      drivers/mtd/ubi/io.o
  CC      cmd/pxe.o
  CC      drivers/spi/airoha_snfi_spi.o
  CC      cmd/setexpr.o
  CC      common/log_console.o
  CC      cmd/strings.o
  CC      common/s_record.o
  CC      drivers/mtd/ubi/wl.o
  CC      drivers/core/read_extra.o
  CC      drivers/mtd/spi/sf_mtd.o
  CC      cmd/smccc.o
  CC      common/xyzModem.o
  CC      drivers/core/ofnode_graph.o
  CC      cmd/test.o
  AR      drivers/mtd/spi/built-in.a
  CC      drivers/mtd/mtd_uboot.o
  CC      drivers/mtd/mtd-uclass.o
  AR      drivers/spi/built-in.a
  CC      drivers/mtd/ubi/crc32.o
  CC      drivers/mtd/ubi/misc.o
  AR      drivers/core/built-in.a
  CC      cmd/ubi.o
  CC      drivers/mtd/ubi/debug.o
  CC      cmd/ubifs.o
  CC      cmd/unlz4.o
  AR      common/built-in.a
  CC      cmd/unzip.o
  CC      cmd/lzmadec.o
  CC      cmd/ximg.o
  CC      drivers/mtd/mtdpart.o
  CC      cmd/gpt.o
  CC      cmd/ursusweb.o
  CC      drivers/mtd/ubi/block.o
  AR      drivers/usb/musb-new/built-in.a
  AR      drivers/bus/built-in.a
  CC      drivers/mtd/mtdconcat.o
  CC      cmd/ursusubi.o
  CC      drivers/mtd/ubi/part.o
  CC      cmd/ursusdispatch.o
  CC      cmd/ursusupdate.o
  AR      drivers/ata/built-in.a
  AR      drivers/cache/built-in.a
  AR      drivers/mtd/ubi/built-in.a
  CC      cmd/ursusstock.o
  AR      drivers/crypto/aes/built-in.a
  AR      drivers/crypto/rsa_mod_exp/built-in.a
  CC      cmd/ursusled.o
  CC      drivers/crypto/fsl/sec.o
  AR      drivers/crypto/hash/built-in.a
  AR      drivers/crypto/aspeed/built-in.a
  AR      drivers/crypto/nuvoton/built-in.a
  CC      drivers/misc/misc-uclass.o
  AR      drivers/crypto/fsl/built-in.a
  AR      drivers/crypto/tegra/built-in.a
  AR      drivers/usb/phy/built-in.a
  AR      drivers/crypto/built-in.a
  AR      drivers/mtd/built-in.a
  AR      drivers/dfu/built-in.a
  AR      drivers/rtc/built-in.a
  AR      drivers/scsi/built-in.a
  AR      drivers/usb/tcpm/built-in.a
  UPD     cmd/license_data_gz.h
  AR      drivers/sound/built-in.a
  AR      drivers/spmi/built-in.a
  AR      drivers/watchdog/built-in.a
  CC      cmd/license.o
  AR      drivers/mailbox/built-in.a
  AR      drivers/memory/built-in.a
  AR      drivers/pwm/built-in.a
  AR      drivers/mfd/built-in.a
  CC      drivers/reset/reset-uclass.o
  AR      drivers/smem/built-in.a
  AR      drivers/iommu/built-in.a
  AR      drivers/misc/built-in.a
  CC      drivers/reset/reset-airoha.o
  AR      drivers/thermal/built-in.a
  AR      drivers/usb/ulpi/built-in.a
  AR      drivers/axi/built-in.a
  AR      drivers/ufs/built-in.a
  AR      drivers/soc/built-in.a
  CC      env/common.o
  CC      env/env.o
  CC      env/attr.o
  CC      env/flags.o
  CC      env/callback.o
  CC      fs/ubifs/ubifs.o
  CC      fs/fs.o
  CC      fs/fs_internal.o
  AR      drivers/reset/built-in.a
  AR      drivers/built-in.a
  CC      fs/ubifs/io.o
  CC      env/ubi.o
  CC      fs/ubifs/super.o
  CC      lib/lzma/LzmaDec.o
  CC      lib/libfdt/fdt.o
  AR      lib/crypto/built-in.a
  CC      lib/lzma/LzmaTools.o
  AR      env/built-in.a
  CC      net/lwip/net-lwip.o
  CC      net/lwip/dhcp.o
  CC      lib/libfdt/fdt_ro.o
  CC      fs/ubifs/sb.o
  CC      fs/ubifs/master.o
  CC      lib/zlib/zlib.o
  CC      lib/lzo/lzo1x_decompress.o
  AR      cmd/built-in.a
  CC      net/eth-uclass.o
  CC      net/lwip/dns.o
  CC      lib/lwip/lwip/src/api/api_lib.o
  CC      lib/lwip/lwip/src/api/api_msg.o
  CC      fs/ubifs/lpt.o
  CC      net/lwip/icmp_unreach.o
  CC      fs/ubifs/lpt_commit.o
  CC      lib/lwip/lwip/src/api/err.o
  AR      lib/lzo/built-in.a
  CC      net/lwip/tftp.o
  CC      fs/ubifs/scan.o
  AR      lib/lzma/built-in.a
  CC      lib/libfdt/fdt_wip.o
  CC      lib/crc8.o
  CC      lib/lwip/lwip/src/api/if_api.o
  CC      net/lwip/wget.o
  CC      lib/lwip/lwip/src/api/netbuf.o
  CC      lib/lwip/lwip/src/api/netdb.o
  CC      lib/libfdt/fdt_strerror.o
  CC      lib/fdtdec_common.o
  CC      lib/lwip/lwip/src/api/netifapi.o
  CC      lib/ldiv.o
  CC      lib/net_utils.o
  CC      lib/libfdt/fdt_sw.o
  CC      lib/lwip/lwip/src/api/sockets.o
  CC      lib/lwip/lwip/src/api/tcpip.o
  CC      fs/ubifs/lprops.o
  AR      net/lwip/built-in.a
  CC      net/eth_bootdev.o
  CC      lib/rc4.o
  CC      fs/ubifs/tnc.o
  CC      lib/lwip/lwip/src/apps/http/http_client.o
  CC      lib/rbtree.o
  AR      lib/zlib/built-in.a
  CC      net/mdio-uclass.o
  CC      lib/list_sort.o
  CC      lib/crc16.o
  CC      lib/libfdt/fdt_rw.o
  CC      lib/crc16-ccitt.o
  CC      lib/libfdt/fdt_empty_tree.o
  CC      lib/lwip/lwip/src/apps/sntp/sntp.o
  CC      fs/ubifs/tnc_misc.o
  CC      lib/lwip/lwip/src/apps/tftp/tftp.o
  CC      lib/libfdt/fdt_addresses.o
  CC      net/eth_common.o
  CC      lib/hash-checksum.o
  CC      net/net-common.o
  CC      fs/ubifs/debug.o
  CC      lib/lwip/lwip/src/core/altcp_alloc.o
  AR      lib/libfdt/built-in.a
  CC      lib/lwip/lwip/src/core/altcp.o
  CC      fs/ubifs/budget.o
  CC      lib/md5.o
  AR      net/built-in.a
  CC      lib/lwip/lwip/src/core/altcp_tcp.o
  CC      lib/sha1.o
  CC      lib/lwip/lwip/src/core/def.o
  CC      lib/sha256_common.o
  CC      lib/lwip/lwip/src/core/dns.o
  CC      fs/ubifs/log.o
  CC      lib/lwip/lwip/src/core/inet_chksum.o
  CC      lib/lwip/lwip/src/core/init.o
  CC      lib/sha256.o
  CC      lib/lwip/lwip/src/core/ip.o
  CC      fs/ubifs/orphan.o
  CC      lib/lwip/lwip/src/core/ipv4/acd.o
  CC      fs/ubifs/recovery.o
  CC      fs/ubifs/replay.o
  CC      lib/lwip/lwip/src/core/ipv4/autoip.o
  CC      lib/sha512.o
  CC      fs/ubifs/gc.o
  CC      lib/lwip/lwip/src/core/ipv4/dhcp.o
  CC      lib/lwip/lwip/src/core/ipv4/etharp.o
  CC      lib/gunzip.o
  CC      lib/lz4_wrapper.o
  CC      lib/fdtdec.o
  CC      lib/lwip/lwip/src/core/ipv4/icmp.o
  CC      lib/lwip/lwip/src/core/ipv4/igmp.o
  CC      lib/lwip/lwip/src/core/ipv4/ip4_addr.o
  CC      lib/lwip/lwip/src/core/ipv4/ip4.o
  CC      lib/lwip/lwip/src/core/ipv4/ip4_frag.o
  CC      lib/qsort.o
  CC      lib/lwip/lwip/src/core/ipv6/dhcp6.o
  AR      fs/ubifs/built-in.a
  CC      lib/hashtable.o
  CC      lib/errno.o
  AR      fs/built-in.a
  CC      lib/lwip/lwip/src/core/ipv6/ethip6.o
  CC      lib/display_options.o
  CC      lib/lwip/lwip/src/core/ipv6/icmp6.o
  CC      lib/crc32.o
  CC      lib/lwip/lwip/src/core/ipv6/inet6.o
  CC      lib/lwip/lwip/src/core/ipv6/ip6_addr.o
  CC      lib/ctype.o
  CC      lib/lwip/lwip/src/core/ipv6/ip6.o
  CC      lib/div64.o
  CC      lib/hang.o
  CC      lib/lwip/lwip/src/core/ipv6/ip6_frag.o
  CC      lib/lwip/lwip/src/core/ipv6/mld6.o
  CC      lib/linux_compat.o
  CC      lib/linux_string.o
  CC      lib/lmb.o
  CC      lib/membuf.o
  CC      lib/lwip/lwip/src/core/ipv6/nd6.o
  CC      lib/string.o
  CC      lib/lwip/lwip/src/core/mem.o
  CC      lib/tables_csum.o
  CC      lib/lwip/lwip/src/core/memp.o
  CC      lib/time.o
  CC      lib/lwip/lwip/src/core/netif.o
  CC      lib/hexdump.o
  CC      lib/uuid.o
  CC      lib/lwip/lwip/src/core/pbuf.o
  CC      lib/rand.o
  CC      lib/panic.o
  CC      lib/lwip/lwip/src/core/raw.o
  CC      lib/vsprintf.o
  CC      lib/lwip/lwip/src/core/stats.o
  CC      lib/lwip/lwip/src/core/sys.o
  CC      lib/strto.o
  CC      lib/lwip/lwip/src/core/tcp.o
  CC      lib/lwip/lwip/src/core/tcp_in.o
  CC      lib/lwip/lwip/src/core/tcp_out.o
  CC      lib/lwip/lwip/src/core/timeouts.o
  CC      lib/abuf.o
  CC      lib/lwip/lwip/src/core/udp.o
  CC      lib/lwip/lwip/src/netif/ethernet.o
  CC      lib/alist.o
  CC      lib/date.o
  CC      lib/rtc-lib.o
  CC      lib/elf.o
  AR      lib/lwip/built-in.a
  AR      lib/built-in.a
  AR      examples/built-in.a
  LD      u-boot
  OBJCOPY u-boot.srec
  OBJCOPY u-boot-nodtb.bin
  RELOC   u-boot-nodtb.bin
  SYM     u-boot.sym
  DTC     dts/upstream/src/arm64/airoha/an7581-nokia-xg-040g-md.dtb
  COPY    dts/dt.dtb
  COPY    u-boot.dtb
  CAT     u-boot-dtb.bin
  COPY    u-boot.bin
  OFCHK   .config
raw=948608 compressed=324547 prop=9b dict=1048576 eopm=0
BUILD=PASS
nt_off=0x27800
nt_size=0x4f3c3
nt_end=0x76bc3
cert_first=0x77800
checksum_off=0x7ac00
fip_end=0x7b000
physical_end=0x7b800
sha256=ce43b56d86321ccb7657d2e9b7ddf58e811efc73927855bbb75e896c83b18600
RAW SHA256 PASS: a41a81a011e19d1498d5ff0773dfd6bf9bd4c56beb3e7a46ce4622a643a30703
LZMA SHA256 PASS: 450add116075477311cbf794da2541ddbdb33fb0c9eade39a47cf8d1fc0a81b7
FIP SHA256 PASS: ce43b56d86321ccb7657d2e9b7ddf58e811efc73927855bbb75e896c83b18600
FUDAN1_REPRO_BUILD=PASS
Artifacts: /mnt/data/rollup_build_026/airoha-router-ursusflasher-GITHUB-ROLLUP-0.2.45-FUDAN1-v5.26/work/fudan1-rebuild/out
